../Core/Src/main.c:85:5:main	8	static
../Core/Src/main.c:162:7:delay	24	static
../Core/Src/main.c:176:6:SystemClock_Config	64	static
../Core/Src/main.c:215:13:MX_ADC1_Init	24	static
../Core/Src/main.c:272:13:MX_SPI1_Init	8	static
../Core/Src/main.c:312:13:MX_TIM1_Init	40	static
../Core/Src/main.c:359:13:MX_TIM3_Init	64	static
../Core/Src/main.c:418:13:MX_USART1_UART_Init	8	static
../Core/Src/main.c:466:13:MX_GPIO_Init	48	static
../Core/Src/main.c:515:6:Error_Handler	8	static,ignoring_inline_asm
