../Core/Src/main.c:128:6:neopixel_encode_byte	16	static
../Core/Src/main.c:137:6:neopixel_init	8	static
../Core/Src/main.c:146:6:neopixel_update	16	static
../Core/Src/main.c:174:6:neopixel_set_color	24	static
../Core/Src/main.c:184:6:neopixel_set_all	32	static
../Core/Src/main.c:192:6:neopixel_set_brightness	16	static
../Core/Src/main.c:198:6:neopixel_clear	8	static
../Core/Src/main.c:206:5:main	112	static
../Core/Src/main.c:490:10:read_ntc_adc	16	static
../Core/Src/main.c:509:10:read_ntc_adc_avg	16	static
../Core/Src/main.c:525:10:calculate_resistance	16	static
../Core/Src/main.c:534:16:ilog_ln	32	static
../Core/Src/main.c:566:9:calculate_temperature	32	static
../Core/Src/main.c:591:9:read_ntc_temperature	8	static
../Core/Src/main.c:601:6:display_ntc_temperature	128	static
../Core/Src/main.c:621:9:is_temperature_safe	32	static
../Core/Src/main.c:634:6:handle_click_sequence	128	static
../Core/Src/main.c:698:6:smooth_fade_to	136	static
../Core/Src/main.c:733:6:delay	24	static
../Core/Src/main.c:742:6:uart_print	16	static
../Core/Src/main.c:749:6:SystemClock_Config	64	static
../Core/Src/main.c:777:13:MX_GPIO_Init	48	static
../Core/Src/main.c:828:13:MX_ADC1_Init	24	static
../Core/Src/main.c:855:13:MX_SPI1_Init	8	static
../Core/Src/main.c:874:13:MX_USART1_UART_Init	8	static
../Core/Src/main.c:890:13:MX_TIM1_Init	40	static
../Core/Src/main.c:910:13:MX_TIM3_Init	64	static
../Core/Src/main.c:936:6:Error_Handler	8	static,ignoring_inline_asm
