../Core/Src/main.c:109:6:neopixel_encode_byte	16	static
../Core/Src/main.c:118:6:neopixel_init	8	static
../Core/Src/main.c:127:6:neopixel_update	16	static
../Core/Src/main.c:155:6:neopixel_set_color	24	static
../Core/Src/main.c:165:6:neopixel_set_all	32	static
../Core/Src/main.c:173:6:neopixel_set_brightness	16	static
../Core/Src/main.c:179:6:neopixel_clear	8	static
../Core/Src/main.c:187:5:main	112	static
../Core/Src/main.c:453:6:handle_click_sequence	128	static
../Core/Src/main.c:517:6:smooth_fade_to	136	static
../Core/Src/main.c:552:6:delay	24	static
../Core/Src/main.c:561:6:uart_print	16	static
../Core/Src/main.c:568:6:SystemClock_Config	64	static
../Core/Src/main.c:596:13:MX_GPIO_Init	48	static
../Core/Src/main.c:647:13:MX_ADC1_Init	24	static
../Core/Src/main.c:674:13:MX_SPI1_Init	8	static
../Core/Src/main.c:693:13:MX_USART1_UART_Init	8	static
../Core/Src/main.c:709:13:MX_TIM1_Init	40	static
../Core/Src/main.c:729:13:MX_TIM3_Init	64	static
../Core/Src/main.c:755:6:Error_Handler	8	static,ignoring_inline_asm
