../Core/Src/main.c:140:6:neopixel_encode_byte	16	static
../Core/Src/main.c:148:6:neopixel_init	8	static
../Core/Src/main.c:156:6:neopixel_update	16	static
../Core/Src/main.c:182:6:neopixel_set_color	24	static
../Core/Src/main.c:190:6:neopixel_set_all	32	static
../Core/Src/main.c:196:6:neopixel_set_brightness	16	static
../Core/Src/main.c:202:6:neopixel_clear	8	static
../Core/Src/main.c:220:5:main	144	static
../Core/Src/main.c:457:10:ADC_Read_Channel	40	static
../Core/Src/main.c:487:10:read_ntc_adc	8	static
../Core/Src/main.c:495:10:read_ntc_adc_avg	16	static
../Core/Src/main.c:508:10:calculate_resistance	16	static
../Core/Src/main.c:523:16:ilog_ln	32	static
../Core/Src/main.c:552:9:calculate_temperature	32	static
../Core/Src/main.c:573:9:read_ntc_temperature	8	static
../Core/Src/main.c:582:9:is_temperature_safe	32	static
../Core/Src/main.c:593:10:read_btry_adc	8	static
../Core/Src/main.c:601:10:read_btry_adc_avg	16	static
../Core/Src/main.c:614:10:calculate_battery_voltage	24	static
../Core/Src/main.c:630:10:read_battery_voltage	24	static
../Core/Src/main.c:640:9:calculate_battery_percentage	24	static
../Core/Src/main.c:660:6:display_ntc_temperature	128	static
../Core/Src/main.c:673:6:display_battery_voltage	128	static
../Core/Src/main.c:687:6:display_all_sensors	168	static
../Core/Src/main.c:706:6:check_temperature_protection	104	static
../Core/Src/main.c:759:6:show_battery_check_animation	112	static
../Core/Src/main.c:823:6:handle_click_sequence	128	static
../Core/Src/main.c:893:6:smooth_fade_to	128	static
../Core/Src/main.c:918:6:delay	24	static
../Core/Src/main.c:925:6:uart_print	16	static
../Core/Src/main.c:931:6:SystemClock_Config	64	static
../Core/Src/main.c:957:13:MX_GPIO_Init	48	static
../Core/Src/main.c:1007:13:MX_ADC1_Init	24	static
../Core/Src/main.c:1067:13:MX_SPI1_Init	8	static
../Core/Src/main.c:1087:13:MX_USART1_UART_Init	8	static
../Core/Src/main.c:1104:13:MX_TIM1_Init	40	static
../Core/Src/main.c:1130:13:MX_TIM3_Init	64	static
../Core/Src/main.c:1167:6:Error_Handler	8	static,ignoring_inline_asm
