../Core/Src/main.c:57:5:main	144	static
../Core/Src/main.c:217:6:smooth_fade_to	128	static
../Core/Src/main.c:242:6:delay	24	static
../Core/Src/main.c:251:6:uart_print	16	static
../Core/Src/main.c:256:6:SystemClock_Config	64	static
../Core/Src/main.c:284:13:MX_ADC1_Init	24	static
../Core/Src/main.c:311:13:MX_SPI1_Init	8	static
../Core/Src/main.c:330:13:MX_TIM1_Init	40	static
../Core/Src/main.c:350:13:MX_TIM3_Init	64	static
../Core/Src/main.c:376:13:MX_USART1_UART_Init	8	static
../Core/Src/main.c:395:13:MX_GPIO_Init	48	static
../Core/Src/main.c:419:6:Error_Handler	8	static,ignoring_inline_asm
