../Core/Src/main.c:109:6:neopixel_encode_byte	1
../Core/Src/main.c:118:6:neopixel_init	1
../Core/Src/main.c:127:6:neopixel_update	2
../Core/Src/main.c:155:6:neopixel_set_color	2
../Core/Src/main.c:165:6:neopixel_set_all	2
../Core/Src/main.c:173:6:neopixel_set_brightness	2
../Core/Src/main.c:179:6:neopixel_clear	1
../Core/Src/main.c:187:5:main	1
../Core/Src/main.c:453:6:handle_click_sequence	6
../Core/Src/main.c:517:6:smooth_fade_to	2
../Core/Src/main.c:552:6:delay	2
../Core/Src/main.c:561:6:uart_print	1
../Core/Src/main.c:568:6:SystemClock_Config	3
../Core/Src/main.c:596:13:MX_GPIO_Init	1
../Core/Src/main.c:647:13:MX_ADC1_Init	3
../Core/Src/main.c:674:13:MX_SPI1_Init	2
../Core/Src/main.c:693:13:MX_USART1_UART_Init	2
../Core/Src/main.c:709:13:MX_TIM1_Init	4
../Core/Src/main.c:729:13:MX_TIM3_Init	6
../Core/Src/main.c:755:6:Error_Handler	1
