../Core/Src/main.c:140:6:neopixel_encode_byte	1
../Core/Src/main.c:148:6:neopixel_init	1
../Core/Src/main.c:156:6:neopixel_update	2
../Core/Src/main.c:182:6:neopixel_set_color	2
../Core/Src/main.c:190:6:neopixel_set_all	2
../Core/Src/main.c:196:6:neopixel_set_brightness	2
../Core/Src/main.c:202:6:neopixel_clear	1
../Core/Src/main.c:220:5:main	29
../Core/Src/main.c:457:10:ADC_Read_Channel	2
../Core/Src/main.c:487:10:read_ntc_adc	1
../Core/Src/main.c:495:10:read_ntc_adc_avg	2
../Core/Src/main.c:508:10:calculate_resistance	3
../Core/Src/main.c:523:16:ilog_ln	3
../Core/Src/main.c:552:9:calculate_temperature	2
../Core/Src/main.c:573:9:read_ntc_temperature	1
../Core/Src/main.c:582:9:is_temperature_safe	1
../Core/Src/main.c:593:10:read_btry_adc	1
../Core/Src/main.c:601:10:read_btry_adc_avg	2
../Core/Src/main.c:614:10:calculate_battery_voltage	1
../Core/Src/main.c:630:10:read_battery_voltage	1
../Core/Src/main.c:640:9:calculate_battery_percentage	3
../Core/Src/main.c:660:6:display_ntc_temperature	1
../Core/Src/main.c:673:6:display_battery_voltage	1
../Core/Src/main.c:687:6:display_all_sensors	1
../Core/Src/main.c:706:6:check_temperature_protection	8
../Core/Src/main.c:759:6:show_battery_check_animation	8
../Core/Src/main.c:823:6:handle_click_sequence	7
../Core/Src/main.c:893:6:smooth_fade_to	2
../Core/Src/main.c:918:6:delay	2
../Core/Src/main.c:925:6:uart_print	1
../Core/Src/main.c:931:6:SystemClock_Config	3
../Core/Src/main.c:957:13:MX_GPIO_Init	1
../Core/Src/main.c:1007:13:MX_ADC1_Init	4
../Core/Src/main.c:1067:13:MX_SPI1_Init	2
../Core/Src/main.c:1087:13:MX_USART1_UART_Init	2
../Core/Src/main.c:1104:13:MX_TIM1_Init	4
../Core/Src/main.c:1130:13:MX_TIM3_Init	6
../Core/Src/main.c:1167:6:Error_Handler	1
